../Core/Src/main.c:114:5:main	8	static
../Core/Src/main.c:208:6:SystemClock_Config	88	static
../Core/Src/main.c:255:13:MX_ADC1_Init	24	static
../Core/Src/main.c:307:13:MX_USART1_UART_Init	8	static
../Core/Src/main.c:340:13:MX_GPIO_Init	32	static
../Core/Src/main.c:380:6:StartDefaultTask	16	static
../Core/Src/main.c:398:6:startButtonTask	16	static
../Core/Src/main.c:425:6:startLedTask	16	static
../Core/Src/main.c:449:6:startSerialTask	120	static
../Core/Src/main.c:488:6:startAdcTask	16	static
../Core/Src/main.c:513:6:HAL_TIM_PeriodElapsedCallback	16	static
../Core/Src/main.c:530:6:Error_Handler	4	static,ignoring_inline_asm
